Switch 0

Switch(config)#vlan 10
Switch(config-vlan)#name cse
Switch(config-vlan)#vlan 20
Switch(config-vlan)#name ece
Switch(config-vlan)#exit
Switch(config)#int fa0/1
Switch(config-if)#switchport access mode
                                    ^
% Invalid input detected at '^' marker.
	
Switch(config-if)#switchport access vlan 10
Switch(config-if)#switchport mode access
Switch(config-if)#switchport access vlan 10
Switch(config-if)#int fa0/2
Switch(config-if)#switchport mode access
Switch(config-if)#switchport access vlan 20
Switch(config-if)#int gig0/1
Switch(config-if)#switchport mode trunk

Switch(config-if)#
%LINEPROTO-5-UPDOWN: Line protocol on Interface GigabitEthernet0/1, changed state to down

%LINEPROTO-5-UPDOWN: Line protocol on Interface GigabitEthernet0/1, changed state to up

Switch(config-if)#int gig0/2
Switch(config-if)#switchport mode trunk

Switch 1

Switch>en
Switch#config t
Enter configuration commands, one per line.  End with CNTL/Z.
Switch(config)#vlan 10
Switch(config-vlan)#name cse
Switch(config-vlan)#vlan 20
Switch(config-vlan)#name ece
Switch(config-vlan)#switchport mode access
                    ^
% Invalid input detected at '^' marker.
	
Switch(config-vlan)#int fa0/1
Switch(config-if)#switchport mode access
Switch(config-if)#switchport access vlan 10
Switch(config-if)#int fa0/2
Switch(config-if)#switchport mode access
Switch(config-if)#switchport access vlan 20
Switch(config-if)#int gig0/1
Switch(config-if)#switchport mode trunk
Switch(config-if)#end


multilayer

Switch>en
Switch#config t
Enter configuration commands, one per line.  End with CNTL/Z.
Switch(config)#vlan 10
Switch(config-vlan)#name cse
Switch(config-vlan)#vlan 20
Switch(config-vlan)#name ece
Switch(config-vlan)#int vlan 10
Switch(config-if)#
%LINK-5-CHANGED: Interface Vlan10, changed state to up

%LINEPROTO-5-UPDOWN: Line protocol on Interface Vlan10, changed state to up

Switch(config-if)#ip address 192.168.1.1 255.255.255.0
Switch(config-if)#int vlan 20
Switch(config-if)#
%LINK-5-CHANGED: Interface Vlan20, changed state to up

%LINEPROTO-5-UPDOWN: Line protocol on Interface Vlan20, changed state to up

Switch(config-if)#ip address 192.168.2.1 255.255.255.0
Switch(config-if)#int gig1/0/1
Switch(config-if)#switchport mode trunk
Switch(config-if)#exit
Switch(config)#ip routing
Switch(config)#end
